Microchip MPLAB XC8 Compiler V2.32

Linker command line:

-W-3 --edf=D:\Programas\XC8 compiler\pic\dat\en_msgs.txt -cn \
  -h+dist/default/production\simon_game.X.production.sym \
  --cmf=dist/default/production\simon_game.X.production.cmf -z -Q16F887 \
  -oC:\Users\mateu\AppData\Local\Temp\xcAsau8.4 --defsym=__MPLAB_BUILD=1 \
  -Mdist/default/production/simon_game.X.production.map -E1 \
  -ver=XC8 Compiler --acfsm=1493 -ASTACK=0110h-016Fh -pstack=STACK \
  -ACODE=00h-07FFhx4 -ASTRCODE=00h-01FFFh -ASTRING=00h-0FFhx32 \
  -ACONST=00h-0FFhx32 -AENTRY=00h-0FFhx32 -ACOMMON=070h-07Fh \
  -ABANK0=020h-06Fh -ABANK1=0A0h-0EFh -ABANK2=0110h-016Fh \
  -ABANK3=0190h-01EFh -ARAM=020h-06Fh,0A0h-0EFh,0110h-016Fh,0190h-01EFh \
  -AABS1=020h-07Fh,0A0h-0EFh,0110h-016Fh,0190h-01EFh -ASFR0=00h-01Fh \
  -ASFR1=080h-09Fh -ASFR2=0100h-010Fh -ASFR3=0180h-018Fh \
  -ACONFIG=02007h-02008h -DCONFIG=2 -AIDLOC=02000h-02003h -DIDLOC=2 \
  -AEEDATA=00h-0FFh/02100h -peeprom_data=EEDATA -DEEDATA=2 -DCODE=2 \
  -DSTRCODE=2 -DSTRING=2 -DCONST=2 -DENTRY=2 \
  -preset_vec=00h,intentry=04h,init,end_init -ppowerup=CODE -pcinit=CODE \
  -pfunctab=ENTRY -k C:\Users\mateu\AppData\Local\Temp\xcAsau8.o \
  dist/default/production\simon_game.X.production.o 

Object code version is 3.11

Machine type is 16F887



                Name                               Link     Load   Length Selector   Space Scale
C:\Users\mateu\AppData\Local\Temp\xcAsau8.o
                end_init                              C        C        3        8       0
                reset_vec                             0        0        3        0       0
                config                             2007     2007        2        0       4
dist/default/production\simon_game.X.production.o
                cinit                                 F        F       27        8       0
                intentry                              4        4        8        8       0
                config                             2007     2007        2        0       4
                text18                              459      459       16        8       0
                text17                              23E      23E       48        8       0
                text16                              286      286       47        8       0
                text15                              443      443       16        8       0
                text14                              121      121       69        8       0
                text13                              1E5      1E5       59        8       0
                text12                              18A      18A       5B        8       0
                text11                              313      313       43        8       0
                text10                              3F8      3F8       1F        8       0
                text9                               42D      42D       16        8       0
                text8                               417      417       16        8       0
                text7                               487      487        7        8       0
                text6                               480      480        7        8       0
                text5                               394      394       35        8       0
                text4                               3C9      3C9       2F        8       0
                text3                               46F      46F        9        8       0
                text2                               356      356       3E        8       0
                text1                               2CD      2CD       46        8       0
                maintext                             36       36       EB        8       0
                cstackBANK0                          3A       3A       14       20       1
                cstackCOMMON                         70       70        A       70       1
                clrtext                             478      478        8        8       0
                dataBANK0                            4E       4E        4       20       1
                bssBANK0                             20       20       1A       20       1
                bssCOMMON                            7A       7A        2       70       1
                idataBANK0                          48E      48E        4        8       0

TOTAL           Name                               Link     Load   Length     Space
        CLASS   STACK          

        CLASS   CODE           
                end_init                              C        C        3         0
                cinit                                 F        F       27         0
                intentry                              4        4        8         0
                reset_vec                             0        0        3         0
                text18                              459      459       16         0
                text17                              23E      23E       48         0
                text16                              286      286       47         0
                text15                              443      443       16         0
                text14                              121      121       69         0
                text13                              1E5      1E5       59         0
                text12                              18A      18A       5B         0
                text11                              313      313       43         0
                text10                              3F8      3F8       1F         0
                text9                               42D      42D       16         0
                text8                               417      417       16         0
                text7                               487      487        7         0
                text6                               480      480        7         0
                text5                               394      394       35         0
                text4                               3C9      3C9       2F         0
                text3                               46F      46F        9         0
                text2                               356      356       3E         0
                text1                               2CD      2CD       46         0
                maintext                             36       36       EB         0
                clrtext                             478      478        8         0
                idataBANK0                          48E      48E        4         0

        CLASS   STRCODE        

        CLASS   STRING         

        CLASS   CONST          

        CLASS   ENTRY          

        CLASS   COMMON         
                cstackCOMMON                         70       70        A         1
                bssCOMMON                            7A       7A        2         1

        CLASS   BANK0          
                cstackBANK0                          3A       3A       14         1
                dataBANK0                            4E       4E        4         1
                bssBANK0                             20       20       1A         1

        CLASS   BANK1          

        CLASS   BANK2          

        CLASS   BANK3          

        CLASS   RAM            

        CLASS   ABS1           
                abs_s1                               7E       7E        2         1

        CLASS   SFR0           

        CLASS   SFR1           

        CLASS   SFR2           

        CLASS   SFR3           

        CLASS   CONFIG         
                config                             2007     2007        2         4

        CLASS   IDLOC          

        CLASS   EEDATA         



SEGMENTS        Name                           Load    Length   Top    Selector   Space  Class     Delta

                reset_vec                      000000  000003  000003         0       0  CODE        2
                intentry                       000004  00048E  000492         8       0  CODE        2
                bssBANK0                       000020  000032  000052        20       1  BANK0       1
                cstackCOMMON                   000070  00000C  00007C        70       1  COMMON      1


UNUSED ADDRESS RANGES

        Name                Unused          Largest block    Delta
        BANK0            0052-006F             1E           1
        BANK1            00A0-00EF             50           1
        BANK2            0110-016F             60           1
        BANK3            0190-01EF             60           1
        CODE             0003-0003              1           2
                         0492-1FFF            800
        COMMON           007C-007D              2           1
        CONST            0003-0003              1           2
                         0492-1FFF            100
        EEDATA           2100-21FF            100           2
        ENTRY            0003-0003              1           2
                         0492-1FFF            100
        IDLOC            2000-2003              4           2
        RAM              0052-006F             1E           1
                         00A0-00EF             50
                         0110-016F             60
                         0190-01EF             60
        SFR0             0000-001F             20           1
        SFR1             0080-009F             20           1
        SFR2             0100-010F             10           1
        SFR3             0180-018F             10           1
        STACK            0110-016F             60           1
        STRCODE          0003-0003              1           2
                         0492-1FFF           1B6E
        STRING           0003-0003              1           2
                         0492-1FFF            100

                                  Symbol Table

?___awdiv                    cstackCOMMON 0072
?___awmod                    cstackCOMMON 0072
?___lmul                     cstackCOMMON 0072
?_gera_cor_aleatoria         cstackBANK0  0046
?_int_para_7seg              cstackCOMMON 0072
?_rand                       cstackBANK0  003F
?_verifica_sequencia         cstackCOMMON 0076
_ANSELH                      (abs)        0189
_INTCON                      (abs)        000B
_INTCONbits                  (abs)        000B
_IOCB                        (abs)        0096
_OPTION_REG                  (abs)        0081
_PORTA                       (abs)        0005
_PORTBbits                   (abs)        0006
_PORTCbits                   (abs)        0007
_PORTD                       (abs)        0008
_TMR0                        (abs)        0001
_TMR0_aux                    bssCOMMON    007A
_TRISA                       (abs)        0085
_TRISB                       (abs)        0086
_TRISC                       (abs)        0087
_TRISD                       (abs)        0088
_TRISE                       (abs)        0089
_WPUB                        (abs)        0095
__Habs1                      abs1         0000
__Hbank0                     bank0        0000
__Hbank1                     bank1        0000
__Hbank2                     bank2        0000
__Hbank3                     bank3        0000
__HbssBANK0                  bssBANK0     0000
__HbssCOMMON                 bssCOMMON    0000
__Hcinit                     cinit        0036
__Hclrtext                   clrtext      0000
__Hcode                      code         0000
__Hcommon                    common       0000
__Hconfig                    config       2009
__HcstackBANK0               cstackBANK0  0000
__HcstackCOMMON              cstackCOMMON 0000
__HdataBANK0                 dataBANK0    0000
__Heeprom_data               eeprom_data  0000
__Hend_init                  end_init     000F
__Hfunctab                   functab      0000
__HidataBANK0                idataBANK0   0000
__Hinit                      init         000C
__Hintentry                  intentry     000C
__Hmaintext                  maintext     0000
__Hpowerup                   powerup      0000
__Hram                       ram          0000
__Hreset_vec                 reset_vec    0003
__Hsfr0                      sfr0         0000
__Hsfr1                      sfr1         0000
__Hsfr2                      sfr2         0000
__Hsfr3                      sfr3         0000
__Hspace_0                   (abs)        0492
__Hspace_1                   (abs)        007C
__Hspace_2                   (abs)        0000
__Hspace_3                   (abs)        0000
__Hspace_4                   (abs)        4010
__Hstack                     stack        0000
__Hstrings                   strings      0000
__Htext                      text         0000
__Labs1                      abs1         0000
__Lbank0                     bank0        0000
__Lbank1                     bank1        0000
__Lbank2                     bank2        0000
__Lbank3                     bank3        0000
__LbssBANK0                  bssBANK0     0000
__LbssCOMMON                 bssCOMMON    0000
__Lcinit                     cinit        000F
__Lclrtext                   clrtext      0000
__Lcode                      code         0000
__Lcommon                    common       0000
__Lconfig                    config       0000
__LcstackBANK0               cstackBANK0  0000
__LcstackCOMMON              cstackCOMMON 0000
__LdataBANK0                 dataBANK0    0000
__Leeprom_data               eeprom_data  0000
__Lend_init                  end_init     000C
__Lfunctab                   functab      0000
__LidataBANK0                idataBANK0   0000
__Linit                      init         000C
__Lintentry                  intentry     0004
__Lmaintext                  maintext     0000
__Lpowerup                   powerup      0000
__Lram                       ram          0000
__Lreset_vec                 reset_vec    0000
__Lsfr0                      sfr0         0000
__Lsfr1                      sfr1         0000
__Lsfr2                      sfr2         0000
__Lsfr3                      sfr3         0000
__Lspace_0                   (abs)        0000
__Lspace_1                   (abs)        0000
__Lspace_2                   (abs)        0000
__Lspace_3                   (abs)        0000
__Lspace_4                   (abs)        0000
__Lstack                     stack        0000
__Lstrings                   strings      0000
__Ltext                      text         0000
__S0                         (abs)        0492
__S1                         (abs)        007C
__S2                         (abs)        0000
__S3                         (abs)        0000
___awdiv                     text14       0121
___awdiv@counter             cstackBANK0  003A
___awdiv@dividend            cstackCOMMON 0074
___awdiv@divisor             cstackCOMMON 0072
___awdiv@quotient            cstackBANK0  003C
___awdiv@sign                cstackBANK0  003B
___awmod                     text13       01E5
___awmod@counter             cstackCOMMON 0077
___awmod@dividend            cstackCOMMON 0074
___awmod@divisor             cstackCOMMON 0072
___awmod@sign                cstackCOMMON 0078
___int_sp                    stack        0000
___latbits                   (abs)        0002
___lmul                      text17       023E
___lmul@multiplicand         cstackCOMMON 0076
___lmul@multiplier           cstackCOMMON 0072
___lmul@product              cstackBANK0  003B
___sp                        stack        0000
___stackhi                   (abs)        0000
___stacklo                   (abs)        0000
__end_of___awdiv             text14       018A
__end_of___awmod             text13       023E
__end_of___lmul              text17       0286
__end_of__initialization     cinit        0032
__end_of_botao_pressionado   text2        0394
__end_of_delay_100ms         text9        0443
__end_of_delay_500ms         text8        042D
__end_of_desliga_leds        text7        048E
__end_of_gera_cor_aleatoria  text15       0459
__end_of_imprime_sequencia   text11       0356
__end_of_int_para_7seg       text12       01E5
__end_of_liga_leds           text6        0487
__end_of_limpa_vetor         text10       0417
__end_of_main                maintext     0121
__end_of_my_isr_routine      text18       046F
__end_of_print_sequencia     text4        03F8
__end_of_rand                text16       02CD
__end_of_sinalizacao         text5        03C9
__end_of_srand               text3        0478
__end_of_verifica_sequencia  text1        0313
__initialization             cinit        000F
__pbssBANK0                  bssBANK0     0020
__pbssCOMMON                 bssCOMMON    007A
__pcstackBANK0               cstackBANK0  003A
__pcstackCOMMON              cstackCOMMON 0070
__pdataBANK0                 dataBANK0    004E
__pidataBANK0                idataBANK0   048E
__pintentry                  intentry     0004
__pmaintext                  maintext     0036
__ptext1                     text1        02CD
__ptext10                    text10       03F8
__ptext11                    text11       0313
__ptext12                    text12       018A
__ptext13                    text13       01E5
__ptext14                    text14       0121
__ptext15                    text15       0443
__ptext16                    text16       0286
__ptext17                    text17       023E
__ptext18                    text18       0459
__ptext2                     text2        0356
__ptext3                     text3        046F
__ptext4                     text4        03C9
__ptext5                     text5        0394
__ptext6                     text6        0480
__ptext7                     text7        0487
__ptext8                     text8        0417
__ptext9                     text9        042D
__size_of___awdiv            (abs)        0000
__size_of___awmod            (abs)        0000
__size_of___lmul             (abs)        0000
__size_of_botao_pressionado  (abs)        0000
__size_of_delay_100ms        (abs)        0000
__size_of_delay_500ms        (abs)        0000
__size_of_desliga_leds       (abs)        0000
__size_of_gera_cor_aleatoria (abs)        0000
__size_of_imprime_sequencia  (abs)        0000
__size_of_int_para_7seg      (abs)        0000
__size_of_liga_leds          (abs)        0000
__size_of_limpa_vetor        (abs)        0000
__size_of_main               (abs)        0000
__size_of_my_isr_routine     (abs)        0000
__size_of_print_sequencia    (abs)        0000
__size_of_rand               (abs)        0000
__size_of_sinalizacao        (abs)        0000
__size_of_srand              (abs)        0000
__size_of_verifica_sequencia (abs)        0000
_botao_press                 bssBANK0     0038
_botao_pressionado           text2        0356
_delay_100ms                 text9        042D
_delay_500ms                 text8        0417
_desliga_leds                text7        0487
_gera_cor_aleatoria          text15       0443
_imprime_sequencia           text11       0313
_int_para_7seg               text12       018A
_liga_leds                   text6        0480
_limpa_vetor                 text10       03F8
_main                        maintext     0036
_my_isr_routine              text18       0459
_print_sequencia             text4        03C9
_rand                        text16       0286
_randx                       dataBANK0    004E
_sinalizacao                 text5        0394
_srand                       text3        046F
_verifica_sequencia          text1        02CD
_vetor_sequencia             bssBANK0     0020
botao_pressionado@botao      cstackCOMMON 0074
btemp                        (abs)        007E
clear_ram0                   clrtext      0478
end_of_initialization        cinit        0032
imprime_sequencia@dezenas    cstackBANK0  0040
imprime_sequencia@sequencia  cstackBANK0  003E
imprime_sequencia@unidades   cstackBANK0  0042
int_para_7seg@numero         cstackCOMMON 0072
interrupt_function           intentry     0004
intlevel0                    functab      0000
intlevel1                    functab      0000
intlevel2                    functab      0000
intlevel3                    functab      0000
intlevel4                    functab      0000
intlevel5                    functab      0000
limpa_vetor@i                cstackCOMMON 0073
main@sequencia               cstackBANK0  004C
print_sequencia@i            cstackCOMMON 0077
reset_vec                    reset_vec    0000
saved_w                      (abs)        007E
sinalizacao@botao            cstackCOMMON 0072
srand@x                      cstackCOMMON 0072
start                        init         000C
start_initialization         cinit        000F
verifica_sequencia@i         cstackCOMMON 0078
wtemp0                       (abs)        007E


MODULE INFORMATION

Module		Function		Class		Link	Load	Size
D:\Programas\XC8 compiler\pic\sources\c90\common\awmod.c
		___awmod       		CODE           	01E5	0000	89

D:\Programas\XC8 compiler\pic\sources\c90\common\awmod.c estimated size: 89

D:\Programas\XC8 compiler\pic\sources\c90\common\Umul32.c
		___lmul        		CODE           	023E	0000	72

D:\Programas\XC8 compiler\pic\sources\c90\common\Umul32.c estimated size: 72

D:\Programas\XC8 compiler\pic\sources\c90\common\awdiv.c
		___awdiv       		CODE           	0121	0000	105

D:\Programas\XC8 compiler\pic\sources\c90\common\awdiv.c estimated size: 105

shared
		__initialization		CODE           	000F	0000	35

shared estimated size: 35

D:\Programas\XC8 compiler\pic\sources\c90\common\rand.c
		_srand         		CODE           	046F	0000	9
		_rand          		CODE           	0286	0000	71

D:\Programas\XC8 compiler\pic\sources\c90\common\rand.c estimated size: 80

main.c
		_liga_leds     		CODE           	0480	0000	7
		_delay_500ms   		CODE           	0417	0000	22
		_sinalizacao   		CODE           	0394	0000	53
		_main          		CODE           	0036	0000	235
		_imprime_sequencia		CODE           	0313	0000	67
		_limpa_vetor   		CODE           	03F8	0000	31
		_delay_100ms   		CODE           	042D	0000	22
		_verifica_sequencia		CODE           	02CD	0000	70
		_my_isr_routine		CODE           	0459	0000	22
		_gera_cor_aleatoria		CODE           	0443	0000	22
		_desliga_leds  		CODE           	0487	0000	7
		_int_para_7seg 		CODE           	018A	0000	91
		_botao_pressionado		CODE           	0356	0000	62
		_print_sequencia		CODE           	03C9	0000	47

main.c estimated size: 758

